#-----------------------------------------------------------
# Vivado v2025.1 (64-bit)
# SW Build 6140274 on Thu May 22 00:12:29 MDT 2025
# IP Build 6138677 on Thu May 22 03:10:11 MDT 2025
# SharedData Build 6139179 on Tue May 20 17:58:58 MDT 2025
# Start of session at: Wed Nov 26 10:45:48 2025
# Process ID         : 24720
# Current directory  : D:/13223048_GPIOAssignment_VLSI/project_1/project_1.runs/synth_1
# Command line       : vivado.exe -log design_1_wrapper.vds -product Vivado -mode batch -messageDb vivado.pb -notrace -source design_1_wrapper.tcl
# Log file           : D:/13223048_GPIOAssignment_VLSI/project_1/project_1.runs/synth_1/design_1_wrapper.vds
# Journal file       : D:/13223048_GPIOAssignment_VLSI/project_1/project_1.runs/synth_1\vivado.jou
# Running On         : DESKTOP-3S5LN80
# Platform           : Windows Server 2016 or Windows 10
# Operating System   : 26100
# Processor Detail   : Intel(R) Core(TM) i7-9750H CPU @ 2.60GHz
# CPU Frequency      : 2592 MHz
# CPU Physical cores : 6
# CPU Logical cores  : 12
# Host memory        : 17095 MB
# Swap memory        : 19327 MB
# Total Virtual      : 36422 MB
# Available Virtual  : 16350 MB
#-----------------------------------------------------------
source design_1_wrapper.tcl -notrace
